// Jest Snapshot v1, https://goo.gl/fbAQLP

exports[`homePage component should render as expected 1`] = `<homePage />`;
