// Jest Snapshot v1, https://goo.gl/fbAQLP

exports[`loginPage component should render as expected 1`] = `<loginPage />`;
