// Jest Snapshot v1, https://goo.gl/fbAQLP

exports[`signUpPage component should render as expected 1`] = `<signUpPage />`;
